// Jest Snapshot v1, https://jestjs.io/docs/snapshot-testing

exports[`SettingsTab renders all settings sections with the Setting builder API 1`] = `
[
  {
    "method": "Setting",
    "value": undefined,
  },
  {
    "method": "setName",
    "value": "Backend",
  },
  {
    "method": "setHeading",
    "value": undefined,
  },
  {
    "method": "setDesc",
    "value": "Choose the API surface and configure credentials.",
  },
  {
    "method": "Setting",
    "value": undefined,
  },
  {
    "method": "setName",
    "value": "Backend",
  },
  {
    "method": "setDesc",
    "value": "GitHub Models is the documented default; Copilot and Azure use compatible chat APIs.",
  },
  {
    "method": "addDropdown",
    "value": undefined,
  },
  {
    "method": "component.addOption",
    "value": {
      "label": "GitHub Models",
      "value": "github-models",
    },
  },
  {
    "method": "component.addOption",
    "value": {
      "label": "GitHub Copilot",
      "value": "github-copilot",
    },
  },
  {
    "method": "component.addOption",
    "value": {
      "label": "Azure Foundry / OpenAI v1",
      "value": "azure-foundry",
    },
  },
  {
    "method": "component.addOption",
    "value": {
      "label": "Azure OpenAI classic",
      "value": "azure-openai-classic",
    },
  },
  {
    "method": "component.setValue",
    "value": "github-models",
  },
  {
    "method": "component.onChange",
    "value": undefined,
  },
  {
    "method": "addButton",
    "value": undefined,
  },
  {
    "method": "component.setButtonText",
    "value": "Test connection",
  },
  {
    "method": "component.onClick",
    "value": undefined,
  },
  {
    "method": "Setting",
    "value": undefined,
  },
  {
    "method": "setName",
    "value": "GitHub token",
  },
  {
    "method": "setDesc",
    "value": "PAT with models:read scope. Leave blank to use detected CLI token where supported.",
  },
  {
    "method": "addText",
    "value": undefined,
  },
  {
    "method": "component.setType",
    "value": "password",
  },
  {
    "method": "component.setValue",
    "value": "",
  },
  {
    "method": "component.onChange",
    "value": undefined,
  },
  {
    "method": "Setting",
    "value": undefined,
  },
  {
    "method": "setName",
    "value": "GitHub model name",
  },
  {
    "method": "setDesc",
    "value": "Model id used when the catalog is unavailable.",
  },
  {
    "method": "addText",
    "value": undefined,
  },
  {
    "method": "component.setValue",
    "value": "openai/gpt-4.1",
  },
  {
    "method": "component.onChange",
    "value": undefined,
  },
  {
    "method": "Setting",
    "value": undefined,
  },
  {
    "method": "setName",
    "value": "Model",
  },
  {
    "method": "setHeading",
    "value": undefined,
  },
  {
    "method": "setDesc",
    "value": "Pick a tool-calling, streaming-capable model.",
  },
  {
    "method": "Setting",
    "value": undefined,
  },
  {
    "method": "setName",
    "value": "Selected model",
  },
  {
    "method": "setDesc",
    "value": "Live catalog is grouped by publisher when available.",
  },
  {
    "method": "addButton",
    "value": undefined,
  },
  {
    "method": "component.setButtonText",
    "value": "Refresh",
  },
  {
    "method": "component.onClick",
    "value": undefined,
  },
  {
    "method": "addDropdown",
    "value": undefined,
  },
  {
    "method": "component.addOption",
    "value": {
      "label": "OpenAI / openai/gpt-4.1",
      "value": "openai/gpt-4.1",
    },
  },
  {
    "method": "component.setValue",
    "value": "openai/gpt-4.1",
  },
  {
    "method": "component.onChange",
    "value": undefined,
  },
  {
    "method": "Setting",
    "value": undefined,
  },
  {
    "method": "setName",
    "value": "Max tokens",
  },
  {
    "method": "setDesc",
    "value": "Maximum output tokens per response.",
  },
  {
    "method": "addSlider",
    "value": undefined,
  },
  {
    "method": "component.setLimits",
    "value": {
      "max": 32768,
      "min": 256,
      "step": 1,
    },
  },
  {
    "method": "component.setValue",
    "value": 4096,
  },
  {
    "method": "component.setDynamicTooltip",
    "value": undefined,
  },
  {
    "method": "component.onChange",
    "value": undefined,
  },
  {
    "method": "Setting",
    "value": undefined,
  },
  {
    "method": "setName",
    "value": "Temperature",
  },
  {
    "method": "setDesc",
    "value": "Lower values are more deterministic.",
  },
  {
    "method": "addSlider",
    "value": undefined,
  },
  {
    "method": "component.setLimits",
    "value": {
      "max": 2,
      "min": 0,
      "step": 0.1,
    },
  },
  {
    "method": "component.setValue",
    "value": 0.2,
  },
  {
    "method": "component.setDynamicTooltip",
    "value": undefined,
  },
  {
    "method": "component.onChange",
    "value": undefined,
  },
  {
    "method": "Setting",
    "value": undefined,
  },
  {
    "method": "setName",
    "value": "Stream responses",
  },
  {
    "method": "setDesc",
    "value": "Show assistant output incrementally in the chat view.",
  },
  {
    "method": "addToggle",
    "value": undefined,
  },
  {
    "method": "component.setValue",
    "value": true,
  },
  {
    "method": "component.onChange",
    "value": undefined,
  },
  {
    "method": "Setting",
    "value": undefined,
  },
  {
    "method": "setName",
    "value": "System prompt addendum",
  },
  {
    "method": "setDesc",
    "value": "Optional user-controlled text appended after the built-in safety prompt.",
  },
  {
    "method": "addTextArea",
    "value": undefined,
  },
  {
    "method": "component.setValue",
    "value": "",
  },
  {
    "method": "component.onChange",
    "value": undefined,
  },
  {
    "method": "Setting",
    "value": undefined,
  },
  {
    "method": "setName",
    "value": "Security preset",
  },
  {
    "method": "setHeading",
    "value": undefined,
  },
  {
    "method": "setDesc",
    "value": "Strict blocks most access; Balanced asks for risky actions; Trusted reduces prompts.",
  },
  {
    "method": "Setting",
    "value": undefined,
  },
  {
    "method": "setName",
    "value": "Preset",
  },
  {
    "method": "setDesc",
    "value": "Changing this updates the built-in capability toggles.",
  },
  {
    "method": "addDropdown",
    "value": undefined,
  },
  {
    "method": "component.addOption",
    "value": {
      "label": "Strict",
      "value": "strict",
    },
  },
  {
    "method": "component.addOption",
    "value": {
      "label": "Balanced",
      "value": "balanced",
    },
  },
  {
    "method": "component.addOption",
    "value": {
      "label": "Trusted workspace",
      "value": "trusted",
    },
  },
  {
    "method": "component.setValue",
    "value": "balanced",
  },
  {
    "method": "component.onChange",
    "value": undefined,
  },
  {
    "method": "Setting",
    "value": undefined,
  },
  {
    "method": "setName",
    "value": "Built-in capabilities",
  },
  {
    "method": "setHeading",
    "value": undefined,
  },
  {
    "method": "setDesc",
    "value": "Permission gates for native vault, filesystem, environment, and network access.",
  },
  {
    "method": "Setting",
    "value": undefined,
  },
  {
    "method": "setName",
    "value": "Read active file",
  },
  {
    "method": "setDesc",
    "value": "Allow reading the currently open note automatically.",
  },
  {
    "method": "addToggle",
    "value": undefined,
  },
  {
    "method": "component.setValue",
    "value": true,
  },
  {
    "method": "component.onChange",
    "value": undefined,
  },
  {
    "method": "Setting",
    "value": undefined,
  },
  {
    "method": "setName",
    "value": "Read vault files",
  },
  {
    "method": "setDesc",
    "value": "Allow or ask before reading other notes in the vault.",
  },
  {
    "method": "addToggle",
    "value": undefined,
  },
  {
    "method": "component.setValue",
    "value": false,
  },
  {
    "method": "component.onChange",
    "value": undefined,
  },
  {
    "method": "Setting",
    "value": undefined,
  },
  {
    "method": "setName",
    "value": "Read external files",
  },
  {
    "method": "setDesc",
    "value": "Permit access outside the vault when explicitly requested.",
  },
  {
    "method": "addToggle",
    "value": undefined,
  },
  {
    "method": "component.setValue",
    "value": false,
  },
  {
    "method": "component.onChange",
    "value": undefined,
  },
  {
    "method": "Setting",
    "value": undefined,
  },
  {
    "method": "setName",
    "value": "Write vault files",
  },
  {
    "method": "setDesc",
    "value": "Permit note creation, edits, and deletion after consent.",
  },
  {
    "method": "addToggle",
    "value": undefined,
  },
  {
    "method": "component.setValue",
    "value": false,
  },
  {
    "method": "component.onChange",
    "value": undefined,
  },
  {
    "method": "Setting",
    "value": undefined,
  },
  {
    "method": "setName",
    "value": "Write external files",
  },
  {
    "method": "setDesc",
    "value": "Permit writes outside the vault.",
  },
  {
    "method": "addToggle",
    "value": undefined,
  },
  {
    "method": "component.setValue",
    "value": false,
  },
  {
    "method": "component.onChange",
    "value": undefined,
  },
  {
    "method": "Setting",
    "value": undefined,
  },
  {
    "method": "setName",
    "value": "Environment variables",
  },
  {
    "method": "setDesc",
    "value": "Permit tools to read environment variables.",
  },
  {
    "method": "addToggle",
    "value": undefined,
  },
  {
    "method": "component.setValue",
    "value": false,
  },
  {
    "method": "component.onChange",
    "value": undefined,
  },
  {
    "method": "Setting",
    "value": undefined,
  },
  {
    "method": "setName",
    "value": "Network egress",
  },
  {
    "method": "setDesc",
    "value": "Permit non-LLM network tools.",
  },
  {
    "method": "addToggle",
    "value": undefined,
  },
  {
    "method": "component.setValue",
    "value": false,
  },
  {
    "method": "component.onChange",
    "value": undefined,
  },
  {
    "method": "Setting",
    "value": undefined,
  },
  {
    "method": "setName",
    "value": "Block destructive tools",
  },
  {
    "method": "setDesc",
    "value": "Deny destructive MCP tools unless this is disabled.",
  },
  {
    "method": "addToggle",
    "value": undefined,
  },
  {
    "method": "component.setValue",
    "value": true,
  },
  {
    "method": "component.onChange",
    "value": undefined,
  },
  {
    "method": "Setting",
    "value": undefined,
  },
  {
    "method": "setName",
    "value": "Require consent for open-world tools",
  },
  {
    "method": "setDesc",
    "value": "Ask before tools that can reach uncontrolled external systems.",
  },
  {
    "method": "addToggle",
    "value": undefined,
  },
  {
    "method": "component.setValue",
    "value": true,
  },
  {
    "method": "component.onChange",
    "value": undefined,
  },
  {
    "method": "Setting",
    "value": undefined,
  },
  {
    "method": "setName",
    "value": "MCP servers",
  },
  {
    "method": "setHeading",
    "value": undefined,
  },
  {
    "method": "setDesc",
    "value": "Discovered server permissions. Not refreshed",
  },
  {
    "method": "Setting",
    "value": undefined,
  },
  {
    "method": "setName",
    "value": "Discovery",
  },
  {
    "method": "setDesc",
    "value": "Refresh editor and CLI MCP configuration files.",
  },
  {
    "method": "addButton",
    "value": undefined,
  },
  {
    "method": "component.setButtonText",
    "value": "Refresh discovery",
  },
  {
    "method": "component.onClick",
    "value": undefined,
  },
  {
    "method": "addButton",
    "value": undefined,
  },
  {
    "method": "component.setButtonText",
    "value": "Add custom server",
  },
  {
    "method": "component.onClick",
    "value": undefined,
  },
  {
    "method": "Setting",
    "value": undefined,
  },
  {
    "method": "setName",
    "value": "Filesystem",
  },
  {
    "method": "setDesc",
    "value": "test: npx -y @modelcontextprotocol/server-filesystem",
  },
  {
    "method": "addToggle",
    "value": undefined,
  },
  {
    "method": "component.setTooltip",
    "value": "Enable server",
  },
  {
    "method": "component.setValue",
    "value": true,
  },
  {
    "method": "component.onChange",
    "value": undefined,
  },
  {
    "method": "addToggle",
    "value": undefined,
  },
  {
    "method": "component.setTooltip",
    "value": "Auto-approve read-only",
  },
  {
    "method": "component.setValue",
    "value": false,
  },
  {
    "method": "component.onChange",
    "value": undefined,
  },
  {
    "method": "addToggle",
    "value": undefined,
  },
  {
    "method": "component.setTooltip",
    "value": "⚠️ Auto-approve all tools",
  },
  {
    "method": "component.setValue",
    "value": false,
  },
  {
    "method": "component.onChange",
    "value": undefined,
  },
  {
    "method": "addText",
    "value": undefined,
  },
  {
    "method": "component.setPlaceholder",
    "value": "disabled_tool, other_tool",
  },
  {
    "method": "component.setValue",
    "value": "delete_file",
  },
  {
    "method": "component.onChange",
    "value": undefined,
  },
  {
    "method": "Setting",
    "value": undefined,
  },
  {
    "method": "setName",
    "value": "Trusted content",
  },
  {
    "method": "setHeading",
    "value": undefined,
  },
  {
    "method": "setDesc",
    "value": "Notes outside these folders, or without trusted frontmatter, are treated as untrusted data.",
  },
  {
    "method": "Setting",
    "value": undefined,
  },
  {
    "method": "setName",
    "value": "Trusted folders",
  },
  {
    "method": "setDesc",
    "value": "Comma-separated vault-relative folder names.",
  },
  {
    "method": "addText",
    "value": undefined,
  },
  {
    "method": "component.setValue",
    "value": "Trusted, Templates",
  },
  {
    "method": "component.onChange",
    "value": undefined,
  },
  {
    "method": "Setting",
    "value": undefined,
  },
  {
    "method": "setName",
    "value": "Trusted frontmatter key",
  },
  {
    "method": "setDesc",
    "value": "A truthy frontmatter key that marks a note as trusted.",
  },
  {
    "method": "addText",
    "value": undefined,
  },
  {
    "method": "component.setValue",
    "value": "agent-trusted",
  },
  {
    "method": "component.onChange",
    "value": undefined,
  },
  {
    "method": "Setting",
    "value": undefined,
  },
  {
    "method": "setName",
    "value": "Audit log",
  },
  {
    "method": "setHeading",
    "value": undefined,
  },
  {
    "method": "setDesc",
    "value": "Persistent JSONL tool-call audit trail with rotation.",
  },
  {
    "method": "Setting",
    "value": undefined,
  },
  {
    "method": "setName",
    "value": "Enable audit log",
  },
  {
    "method": "setDesc",
    "value": "Record permission decisions and sanitized tool arguments.",
  },
  {
    "method": "addToggle",
    "value": undefined,
  },
  {
    "method": "component.setValue",
    "value": true,
  },
  {
    "method": "component.onChange",
    "value": undefined,
  },
  {
    "method": "Setting",
    "value": undefined,
  },
  {
    "method": "setName",
    "value": "Max size",
  },
  {
    "method": "setDesc",
    "value": "Rotate after this many MB; the audit writer keeps the last three files.",
  },
  {
    "method": "addSlider",
    "value": undefined,
  },
  {
    "method": "component.setLimits",
    "value": {
      "max": 50,
      "min": 1,
      "step": 1,
    },
  },
  {
    "method": "component.setValue",
    "value": 10,
  },
  {
    "method": "component.setDynamicTooltip",
    "value": undefined,
  },
  {
    "method": "component.onChange",
    "value": undefined,
  },
  {
    "method": "Setting",
    "value": undefined,
  },
  {
    "method": "setName",
    "value": "Audit log path",
  },
  {
    "method": "setDesc",
    "value": "Vault-relative JSONL path.",
  },
  {
    "method": "addText",
    "value": undefined,
  },
  {
    "method": "component.setValue",
    "value": "audit.jsonl",
  },
  {
    "method": "component.onChange",
    "value": undefined,
  },
  {
    "method": "Setting",
    "value": undefined,
  },
  {
    "method": "setName",
    "value": "Audit log actions",
  },
  {
    "method": "addButton",
    "value": undefined,
  },
  {
    "method": "component.setButtonText",
    "value": "Open audit log panel",
  },
  {
    "method": "component.onClick",
    "value": undefined,
  },
  {
    "method": "addButton",
    "value": undefined,
  },
  {
    "method": "component.setButtonText",
    "value": "Open log file",
  },
  {
    "method": "component.onClick",
    "value": undefined,
  },
  {
    "method": "Setting",
    "value": undefined,
  },
  {
    "method": "setName",
    "value": "Diagnostics",
  },
  {
    "method": "setHeading",
    "value": undefined,
  },
  {
    "method": "setDesc",
    "value": "Read-only environment details for troubleshooting.",
  },
  {
    "method": "Setting",
    "value": undefined,
  },
  {
    "method": "setName",
    "value": "Detected token source",
  },
  {
    "method": "setDesc",
    "value": "Checking...",
  },
  {
    "method": "Setting",
    "value": undefined,
  },
  {
    "method": "setName",
    "value": "Connected MCP server count",
  },
  {
    "method": "setDesc",
    "value": "1",
  },
  {
    "method": "Setting",
    "value": undefined,
  },
  {
    "method": "setName",
    "value": "Obsidian version",
  },
  {
    "method": "setDesc",
    "value": "1.5.0",
  },
  {
    "method": "Setting",
    "value": undefined,
  },
  {
    "method": "setName",
    "value": "Plugin version",
  },
  {
    "method": "setDesc",
    "value": "0.1.0",
  },
]
`;
